<?xml version="1.0" encoding="UTF-8"?>
<testsuites name="jest tests" tests="1" failures="0" errors="0" time="0.296">
  <testsuite name="undefined" errors="0" failures="0" skipped="0" timestamp="2025-10-27T06:24:35" time="0.229" tests="1">
    <testcase classname=" adds 2 + 3 to equal 5" name=" adds 2 + 3 to equal 5" time="0.002">
    </testcase>
  </testsuite>
</testsuites>